***** External Functions *****
1    AddFontRegistrationToLog                           isrt.obl(Misc.obs)
2    AdminAskPath                                       isrt.obl(ISRTScriptDialogs.obs)
3    AllFeaturesDeselected                              iswi.obl(CompHelperFuncs.obs)
4    CHECK_RETURN                                       iswi.obl(ErrHandler.obs)
5    ChangeDirectory                                    isrt.obl(Files.obs)
6    CheckServerPort                                    setup.obs
7    CheckSqlAuthLevel                                  setup.obs
8    CloseFile                                          isrt.obl(Files.obs)
9    CmdGetHwndDlg                                      isrt.obl(CustomDialog.obs)
10   ComponentAddFileToLog                              isrt.obl(component.obs)
11   ComponentCompareSizeRequired                       isrt.obl(component.obs)
12   ComponentErrorInfo                                 isrt.obl(component.obs)
13   ComponentGetData                                   isrt.obl(component.obs)
14   ComponentGetTotalCost                              isrt.obl(component.obs)
15   ComponentIsItemSelected                            isrt.obl(component.obs)
16   ComponentListItems                                 isrt.obl(component.obs)
17   ComponentReinstall                                 isrt.obl(component.obs)
18   ComponentRemoveAll                                 isrt.obl(component.obs)
19   ComponentSaveTarget                                isrt.obl(component.obs)
20   ComponentSelectItem                                isrt.obl(component.obs)
21   ComponentTransferData                              isrt.obl(component.obs)
22   ComponentTreeInit                                  isrt.obl(Dialogs.obs)
23   ConvertWinHighLowSizeToISHighLowSize               isrt.obl(Misc.obs)
24   CreateDir                                          isrt.obl(Files.obs)
25   CreateFile                                         isrt.obl(Files.obs)
26   CreateInstallationInfo                             isrt.obl(Registry.obs)
27   CreateRegistrySet                                  iswi.obl(ComponentConv.obs)
28   CtrlGetDlgItem                                     isrt.obl(CustomDialog.obs)
29   CtrlGetNotificationCode                            isrt.obl(CustomDialog.obs)
30   CtrlGetState                                       isrt.obl(CustomDialog.obs)
31   CtrlGetSubCommand                                  isrt.obl(CustomDialog.obs)
32   CtrlGetText                                        isrt.obl(CustomDialog.obs)
33   CtrlSelectText                                     isrt.obl(CustomDialog.obs)
34   CtrlSetList                                        isrt.obl(CustomDialog.obs)
35   CtrlSetState                                       isrt.obl(CustomDialog.obs)
36   CtrlSetText                                        isrt.obl(CustomDialog.obs)
37   DIFxDriverPackageUninstall                         isrt.obl(ISDIFx.obs)
38   DRMINSTALLERPRO.DRMInstallPRO                      isrt.obl(Activation.obs)
39   DRMINSTALLERPRO.DRMUnInstallPRO                    isrt.obl(Activation.obs)
40   DefineDialog                                       isrt.obl(CustomDialog.obs)
41   Delay                                              isrt.obl(Misc.obs)
42   DeleteFile                                         isrt.obl(Files.obs)
43   DeleteSingleFile                                   isrt.obl(Files.obs)
44   DialogSetDefaultFont                               isrt.obl(Dialogs.obs)
45   DialogSetFont                                      isrt.obl(Dialogs.obs)
46   DialogSetInfo                                      isrt.obl(Dialogs.obs)
47   Disable                                            isrt.obl(Enable.obs)
48   DllSizeOf                                          isrt.obl(Str.obs)
49   Do                                                 isrt.obl(Misc.obs)
50   Enable                                             isrt.obl(Enable.obs)
51   EndCurrentDialog                                   isrt.obl(Dialogs.obs)
52   EndDialog                                          isrt.obl(CustomDialog.obs)
53   EnterPassword                                      isrt.obl(ISRTScriptDialogs.obs)
54   ExistsDir                                          isrt.obl(Files.obs)
55   EzDefineDialog                                     isrt.obl(CustomDialog.obs)
56   FeatureAddFileToLog                                iswi.obl(FeatureConv.obs)
57   FeatureCompareSizeRequired                         iswi.obl(FeatureConv.obs)
58   FeatureErrorInfo                                   iswi.obl(ComponentConv.obs)
59   FeatureFilterLanguage                              iswi.obl(FeatureConv.obs)
60   FeatureFilterOS                                    iswi.obl(FeatureConv.obs)
61   FeatureGetData                                     iswi.obl(ComponentConv.obs)
62   FeatureGetTotalCost                                iswi.obl(FeatureConv.obs)
63   FeatureIsItemSelected                              iswi.obl(ComponentConv.obs)
64   FeatureListItems                                   iswi.obl(ComponentConv.obs)
65   FeaturePatch                                       iswi.obl(FeatureConv.obs)
66   FeatureReinstall                                   iswi.obl(ComponentConv.obs)
67   FeatureRemoveAll                                   iswi.obl(ComponentConv.obs)
68   FeatureSaveTarget                                  iswi.obl(FeatureConv.obs)
69   FeatureSelectItem                                  iswi.obl(ComponentConv.obs)
70   FeatureSelectNew                                   iswi.obl(FeatureConv.obs)
71   FeatureSetupTypeSet                                iswi.obl(ComponentConv.obs)
72   FeatureStandardSetupTypeSet                        iswi.obl(FeatureConv.obs)
73   FeatureTransferData                                iswi.obl(ComponentConv.obs)
74   FeatureValidate                                    iswi.obl(ComponentConv.obs)
75   FeaturesInstalled                                  iswi.obl(FileTransferFuncsConv.obs)
76   FeaturesInstalling                                 iswi.obl(FileTransferFuncsConv.obs)
77   FillLists                                          isrt.obl(ISRTScriptDialogs.obs)
78   FinalConstruct                                     ifx.obl(EventsPriv.obs)
79   FinalRelease                                       ifx.obl(EventsPriv.obs)
80   FindFile                                           isrt.obl(Files.obs)
81   FormatMessage                                      isrt.obl(Misc.obs)
82   GDI32.AddFontResource                              setup.obs
83   GDI32.CreateRectRgn                                setup.obs
84   GDI32.GetDeviceCaps                                setup.obs
85   GDI32.RemoveFontResource                           setup.obs
86   GeneratedMSIScript                                 iswi.obl(FileTransferFuncsConv.obs)
87   GeneratingMSIScript                                iswi.obl(FileTransferFuncsConv.obs)
88   GetAddRemove                                       isrt.obl(SysVars.obs)
89   GetBasicMSI                                        isrt.obl(SysVars.obs)
90   GetBillboard                                       isrt.obl(SysVars.obs)
91   GetCompItemList                                    iswi.obl(CompHelperFuncs.obs)
92   GetComponentsFeatures                              iswi.obl(CompHelperFuncs.obs)
93   GetCurrentDialogName                               isrt.obl(Dialogs.obs)
94   GetCurrentDir                                      isrt.obl(Files.obs)
95   GetDialogTitle                                     isrt.obl(Dialogs.obs)
96   GetDir                                             isrt.obl(Str.obs)
97   GetDisk                                            isrt.obl(Str.obs)
98   GetDiskSpace                                       isrt.obl(GSI.obs)
99   GetDiskSpaceEx                                     isrt.obl(GSI.obs)
100  GetEnabledIServices                                isrt.obl(SysVars.obs)
101  GetExtents                                         isrt.obl(GSI.obs)
102  GetFileInfo                                        isrt.obl(Files.obs)
103  GetFolderApplications                              isrt.obl(SysVars.obs)
104  GetFolderApplications64                            isrt.obl(SysVars.obs)
105  GetFolderDotNet10                                  isrt.obl(SysVars.obs)
106  GetFolderDotNet11                                  isrt.obl(SysVars.obs)
107  GetFolderDotNet20                                  isrt.obl(SysVars.obs)
108  GetFolderFonts                                     isrt.obl(SysVars.obs)
109  GetISRes                                           isrt.obl(SysVars.obs)
110  GetInstallScriptMSI                                isrt.obl(SysVars.obs)
111  GetInstallScriptMSIEEUI                            isrt.obl(SysVars.obs)
112  GetInstanceGUID                                    isrt.obl(SysVars.obs)
113  GetKeyPathWinCurrVerAuto                           isrt.obl(SysVars.obs)
114  GetLog                                             isrt.obl(SysVars.obs)
115  GetLogEx                                           isrt.obl(SysVars.obs)
116  GetMSIFeatureName                                  iswi.obl(CompHelperFuncs.obs)
117  GetMaintOption                                     isrt.obl(SysVars.obs)
118  GetMaintenance                                     iswi.obl(ISWiInit.obs)
119  GetMsiFeaturePath                                  iswi.obl(CompHelperFuncs.obs)
120  GetMsiNameFromAliasTable                           iswi.obl(CompHelperFuncs.obs)
121  GetMultiInstanceCount                              isrt.obl(SysVars.obs)
122  GetOpenFileMode                                    isrt.obl(Files.obs)
123  GetPackageLocation                                 isrt.obl(SysVars.obs)
124  GetPlatformList                                    iswi.obl(CompHelperFuncs.obs)
125  GetProductGUID                                     iswi.obl(ISWiInit.obs)
126  GetProfSectionKeyCount                             isrt.obl(Profile.obs)
127  GetProfString                                      isrt.obl(Profile.obs)
128  GetProfStringList                                  isrt.obl(Profile.obs)
129  GetProgramFiles                                    isrt.obl(SysVars.obs)
130  GetReinstallMode                                   isrt.obl(SysVars.obs)
131  GetRemoveAllMode                                   isrt.obl(SysVars.obs)
132  GetRemoveOnly                                      isrt.obl(SysVars.obs)
133  GetSelectedTreeComponent                           isrt.obl(CmptView.obs)
134  GetShowPasswordDialog                              isrt.obl(SysVars.obs)
135  GetStandardSelectedLanguage                        isrt.obl(SysVars.obs)
136  GetSupportDir                                      isrt.obl(SysVars.obs)
137  GetSystemInfo                                      isrt.obl(GSI.obs)
138  GetTempFolder                                      isrt.obl(SysVars.obs)
139  GetTrueTypeFontFileInfo                            isrt.obl(Misc.obs)
140  GetUserSelectableAuto                              isrt.obl(SysVars.obs)
141  GetValidDrivesList                                 isrt.obl(GSI.obs)
142  GetWinDir                                          isrt.obl(SysVars.obs)
143  GetWinSysDir                                       isrt.obl(SysVars.obs)
144  GetWindowHandle                                    iswi.obl(MiscConv.obs)
145  HIWORD                                             isrt.obl(Misc.obs)
146  Hello                                              setup.obs
147  ISDeterminePlatform                                isrt.obl(OsInfo.obs)
148  ISMIF32.InstallStatusMIF                           isrt.obl(MIF.obs)
149  ISRT.ComponentViewSetInfoEx                        isrt.obl(Dialogs.obs)
150  ISRT.EnableHourGlass                               isrt.obl(Enable.obs)
151  ISRT.GetCPUType                                    isrt.obl(GSI.obs)
152  ISRT.GetFontSub                                    isrt.obl(Dialogs.obs)
153  ISRT.GetHandle                                     setup.obs
154  ISRT.GetPorts                                      isrt.obl(GSI.obs)
155  ISRT.IsEmpty                                       setup.obs
156  ISRT.IsNTAdmin                                     isrt.obl(Is.obs)
157  ISRT.IsObject                                      setup.obs
158  ISRT.IsPowerUser                                   isrt.obl(Is.obs)
159  ISRT.LangLoadString                                isrt.obl(SDINT.obs)
160  ISRT.MessageBeepP                                  setup.obs
161  ISRT.PathCompactPathPixel                          isrt.obl(CustomDialog.obs)
162  ISRT.PathGetDir                                    isrt.obl(Str.obs)
163  ISRT.PathGetDrive                                  isrt.obl(Str.obs)
164  ISRT.PathGetFile                                   isrt.obl(Files.obs)
165  ISRT.PathGetFileExt                                isrt.obl(Str.obs)
166  ISRT.PathGetFileName                               isrt.obl(Str.obs)
167  ISRT.PathGetLongFromShort                          isrt.obl(Str.obs)
168  ISRT.PathGetPath                                   isrt.obl(Str.obs)
169  ISRT.PathIsValidSyntax                             isrt.obl(Is.obs)
170  ISRT.VerGetFileVersion                             setup.obs
171  ISRT._BrowseForFolder                              isrt.obl(ISRTScriptDialogsPriv.obs)
172  ISRT._CleanupInet                                  isrt.obl(MIO.obs)
173  ISRT._CloseFile                                    isrt.obl(Files.obs)
174  ISRT._CmdGetHwndDlg                                isrt.obl(CustomDialog.obs)
175  ISRT._CompareDWORD                                 isrt.obl(Extend.obs)
176  ISRT._ComponentCompareSizeRequired                 iswi.obl(FeatureConv.obs)
177  ISRT._ComponentFilterLanguage                      iswi.obl(FeatureConv.obs)
178  ISRT._ComponentFilterOS                            iswi.obl(FeatureConv.obs)
179  ISRT._ComponentGetTotalCost                        iswi.obl(FeatureConv.obs)
180  ISRT._ComponentGetTotalCostEx                      setup.obs
181  ISRT._ComponentPatch                               iswi.obl(FeatureConv.obs)
182  ISRT._ComponentSaveTarget                          iswi.obl(FeatureConv.obs)
183  ISRT._ComponentSelectNew                           iswi.obl(FeatureConv.obs)
184  ISRT._CreateDir                                    isrt.obl(Files.obs)
185  ISRT._CtrlGetNotificationCode                      isrt.obl(CustomDialog.obs)
186  ISRT._CtrlGetParentWindowHelper                    iswi.obl(MiscConv.obs)
187  ISRT._CtrlGetSubCommand                            isrt.obl(CustomDialog.obs)
188  ISRT._CtrlSetHtmlContent                           isrt.obl(CustomDialog.obs)
189  ISRT._DIFxDriverPackageUninstall                   isrt.obl(ISDIFx.obs)
190  ISRT._DefineDialog                                 isrt.obl(CustomDialog.obs)
191  ISRT._DialogSetFont                                isrt.obl(Dialogs.obs)
192  ISRT._DisableStatus                                isrt.obl(Enable.obs)
193  ISRT._DoSprintf                                    iswi.obl(HelperFuncs.obs)
194  ISRT._EnableDialogCache                            isrt.obl(Enable.obs)
195  ISRT._EnablePrevDialog                             setup.obs
196  ISRT._EnableSkins                                  isrt.obl(Enable.obs)
197  ISRT._EnableStatus                                 isrt.obl(Enable.obs)
198  ISRT._EnableWow64FsRedirection                     isrt.obl(Enable.obs)
199  ISRT._EndDialog                                    isrt.obl(CustomDialog.obs)
200  ISRT._ExistsDir                                    isrt.obl(Files.obs)
201  ISRT._ExistsFile                                   isrt.obl(Files.obs)
202  ISRT._FloatingPointOperation                       setup.obs
203  ISRT._GenerateFileMD5SignatureHex                  isrt.obl(Files.obs)
204  ISRT._GetCurrentDialogName                         isrt.obl(Dialogs.obs)
205  ISRT._GetDiskSpaceEx                               isrt.obl(GSI.obs)
206  ISRT._GetDiskSpaceExEx                             setup.obs
207  ISRT._GetGlobalMemorySize                          isrt.obl(GSI.obs)
208  ISRT._GetInetFileSize                              isrt.obl(Files.obs)
209  ISRT._GetInetFileTime                              isrt.obl(Files.obs)
210  ISRT._GetProcessorInfo                             isrt.obl(OsInfo.obs)
211  ISRT._GetRunningChildProcessEx2                    isrt.obl(Extend.obs)
212  ISRT._GetSelectedTreeComponent                     isrt.obl(CmptView.obs)
213  ISRT._GetStandardLangId                            isrt.obl(Misc.obs)
214  ISRT._GetSupportDir                                isrt.obl(SysVars.obs)
215  ISRT._GetTrueTypeFontFileInfo                      isrt.obl(Misc.obs)
216  ISRT._GetVirtualMachineType                        isrt.obl(GSI.obs)
217  ISRT._InetEndofTransfer                            isrt.obl(iftw.obs)
218  ISRT._InetGetNextDisk                              isrt.obl(iftw.obs)
219  ISRT._IsFontTypefaceNameAvailable                  isrt.obl(Is.obs)
220  ISRT._IsInAdminGroup                               isrt.obl(Is.obs)
221  ISRT._IsLangSupported                              isrt.obl(Is.obs)
222  ISRT._IsSkinLoaded                                 isrt.obl(Is.obs)
223  ISRT._IsVirtualMachine                             isrt.obl(OsInfo.obs)
224  ISRT._IsWindowsME                                  isrt.obl(GSI.obs)
225  ISRT._IsWow64                                      isrt.obl(OsInfo.obs)
226  ISRT._ListAddItem                                  isrt.obl(scrlist.obs)
227  ISRT._ListAddString                                isrt.obl(scrlist.obs)
228  ISRT._ListCount                                    isrt.obl(scrlist.obs)
229  ISRT._ListCreate                                   isrt.obl(scrlist.obs)
230  ISRT._ListCurrentString                            isrt.obl(scrlist.obs)
231  ISRT._ListDeleteItem                               isrt.obl(scrlist.obs)
232  ISRT._ListDeleteString                             isrt.obl(scrlist.obs)
233  ISRT._ListDestroy                                  isrt.obl(scrlist.obs)
234  ISRT._ListFindItem                                 isrt.obl(scrlist.obs)
235  ISRT._ListFindString                               isrt.obl(scrlist.obs)
236  ISRT._ListGetFirstItem                             isrt.obl(scrlist.obs)
237  ISRT._ListGetFirstString                           isrt.obl(scrlist.obs)
238  ISRT._ListGetNextItem                              isrt.obl(scrlist.obs)
239  ISRT._ListGetNextString                            isrt.obl(scrlist.obs)
240  ISRT._ListGetType                                  isrt.obl(scrlist.obs)
241  ISRT._ListSetIndex                                 isrt.obl(scrlist.obs)
242  ISRT._MediaGetFilteringInfo                        iswi.obl(FeatureConv.obs)
243  ISRT._MediaGetInfo                                 iswi.obl(FeatureConv.obs)
244  ISRT._OnUninstPriv                                 setup.obs
245  ISRT._OpenFile                                     isrt.obl(Files.obs)
246  ISRT._Preprogram                                   setup.obs
247  ISRT._ReadBytes                                    isrt.obl(Files.obs)
248  ISRT._Rebooted                                     setup.obs
249  ISRT._RegCreateKey                                 isrt.obl(Registry.obs)
250  ISRT._RegDeleteValue                               isrt.obl(Registry.obs)
251  ISRT._RegEnableTextSubs                            isrt.obl(Enable.obs)
252  ISRT._RegEnum                                      isrt.obl(Registry.obs)
253  ISRT._RegGetOptions                                isrt.obl(SysVars.obs)
254  ISRT._RegIsRemoteRegConnected                      isrt.obl(Is.obs)
255  ISRT._RegQueryKeyBinaryValue                       isrt.obl(Registry.obs)
256  ISRT._RegQueryKeyValue                             isrt.obl(Registry.obs)
257  ISRT._RegSetKeyBinaryValue                         isrt.obl(Registry.obs)
258  ISRT._RegSetKeyValue                               isrt.obl(Registry.obs)
259  ISRT._RegSetOptions                                isrt.obl(SysVars.obs)
260  ISRT._ReleaseDialog                                isrt.obl(CustomDialog.obs)
261  ISRT._SdShowMsg                                    isrt.obl(ISRTScriptDialogsPriv.obs)
262  ISRT._SeekBytes                                    isrt.obl(Files.obs)
263  ISRT._SetAltMainImage                              isrt.obl(Dialogs.obs)
264  ISRT._SetDisplayEffect                             isrt.obl(ui.obs)
265  ISRT._SetPaletteFile                               isrt.obl(MIO.obs)
266  ISRT._SetSilentSdShowMsg                           isrt.obl(Enable.obs)
267  ISRT._SetTitle                                     isrt.obl(ui.obs)
268  ISRT._SetupInet                                    isrt.obl(MIO.obs)
269  ISRT._SetupTraceWrite                              isrt.obl(Misc.obs)
270  ISRT._StatusUpdate                                 isrt.obl(ui.obs)
271  ISRT._TreeViewCreate                               isrt.obl(CmptView.obs)
272  ISRT._WaitOnDialog                                 isrt.obl(CustomDialog.obs)
273  ISRT._WriteBytes                                   isrt.obl(Files.obs)
274  ISRT._WriteLine                                    isrt.obl(Files.obs)
275  ISRT.__CreateObjectContext                         isrt.obl(ISRTInit.obs)
276  ISRT.__GetCmdLineOptions                           isrt.obl(ISRTInit.obs)
277  ISRT.__GetContextGUID                              isrt.obl(ISRTInit.obs)
278  ISRT.__GetEnabledIServices                         isrt.obl(SysVars.obs)
279  ISRT.__GetFileRegistrar                            isrt.obl(ISRTInit.obs)
280  ISRT.__GetISMSIStringTableObj                      iswi.obl(ISWiInit.obs)
281  ISRT.__GetInfo                                     isrt.obl(ISRTInit.obs)
282  ISRT.__GetInstallGuid                              isrt.obl(SysVars.obs)
283  ISRT.__GetLog                                      isrt.obl(SysVars.obs)
284  ISRT.__GetLogDB                                    isrt.obl(ISRTInit.obs)
285  ISRT.__GetLogEx                                    isrt.obl(SysVars.obs)
286  ISRT.__GetMainWindow                               setup.obs
287  ISRT.__GetMaintOption                              isrt.obl(SysVars.obs)
288  ISRT.__GetMaintenanceMode                          isrt.obl(SysVars.obs)
289  ISRT.__GetObjects                                  isrt.obl(ISRTInit.obs)
290  ISRT.__GetProductGuid                              isrt.obl(SysVars.obs)
291  ISRT.__GetProgress                                 setup.obs
292  ISRT.__GetReboot                                   isrt.obl(ISRTInit.obs)
293  ISRT.__GetReinstallMode                            isrt.obl(SysVars.obs)
294  ISRT.__GetRemoveAllMode                            isrt.obl(SysVars.obs)
295  ISRT.__GetTextSub                                  isrt.obl(ISRTInit.obs)
296  ISRT.__GetUpdateMode                               isrt.obl(SysVars.obs)
297  ISRT.__GetUser                                     isrt.obl(MIO.obs)
298  ISRT.__ISRTGetPropertyBag                          ifx.obl(PersistPropertyBag.obs)
299  ISRT.__ISRTReleasePropertyBag                      ifx.obl(PersistPropertyBag.obs)
300  ISRT.__PutEnabledIServices                         isrt.obl(Enable.obs)
301  ISRT.__ReleaseObjectContext                        isrt.obl(ISRTInit.obs)
302  ISRT.__RestoreMainLog                              isrt.obl(ISRTInit.obs)
303  ISRT.__RestoreMainLogEx                            isrt.obl(ISRTInit.obs)
304  ISRT.__SetComponentLog                             isrt.obl(ISRTInit.obs)
305  ISRT.__SetUpdateMode                               isrt.obl(SysVars.obs)
306  ISRTHandleScriptException                          isrt.obl(Misc.obs)
307  ISRTOnUninstPriv                                   isrt.obl(Driver.obs)
308  ISRTPreprogram                                     isrt.obl(Driver.obs)
309  ISWIOnAppSearch                                    iswi.obl(DriverConv.obs)
310  ISWIOnCCPSearch                                    iswi.obl(DriverConv.obs)
311  ISWIOnExitInstall                                  iswi.obl(DriverConv.obs)
312  ISWIOnFirstUIAfter                                 iswi.obl(DriverConv.obs)
313  ISWIOnFirstUIBefore                                iswi.obl(DriverConv.obs)
314  ISWIOnInitInstall                                  iswi.obl(DriverConv.obs)
315  ISWIOnMaintUIAfter                                 iswi.obl(DriverConv.obs)
316  ISWIOnMaintUIBefore                                iswi.obl(DriverConv.obs)
317  ISWIOnMoveData                                     iswi.obl(DriverConv.obs)
318  ISWIOnMoveDataPostInstall                          iswi.obl(DriverConv.obs)
319  ISWIOnMoveDataPreInstall                           iswi.obl(DriverConv.obs)
320  ISWIOnResumeUIAfter                                iswi.obl(DriverConv.obs)
321  ISWIOnResumeUIBefore                               iswi.obl(DriverConv.obs)
322  ISWIPostprogram                                    iswi.obl(DriverConv.obs)
323  ISWIPreprogram                                     iswi.obl(DriverConv.obs)
324  IfxFilterComponents                                ifx.obl(EventsSetupPriv.obs)
325  IfxFinalConstruct                                  ifx.obl(EventsSetupPriv.obs)
326  IfxFinalRelease                                    ifx.obl(EventsSetupPriv.obs)
327  IfxInitProperties                                  ifx.obl(PersistPropertyBag.obs)
328  IfxOnAbortInstall                                  ifx.obl(EventsPriv.obs)
329  IfxOnAppSearch                                     ifx.obl(EventsPriv.obs)
330  IfxOnCCPSearch                                     ifx.obl(EventsPriv.obs)
331  IfxOnCanceling                                     ifx.obl(EventsPriv.obs)
332  IfxOnDisk1Installed                                ifx.obl(EventsSetupPriv.obs)
333  IfxOnDisk1Installing                               ifx.obl(EventsSetupPriv.obs)
334  IfxOnExitInstall                                   ifx.obl(EventsSetupPriv.obs)
335  IfxOnFileError                                     ifx.obl(EventsSetupPriv.obs)
336  IfxOnFileLocked                                    ifx.obl(EventsSetupPriv.obs)
337  IfxOnFileReadOnly                                  ifx.obl(EventsSetupPriv.obs)
338  IfxOnGeneralScriptOp                               ifx.obl(EventsPriv.obs)
339  IfxOnHelp                                          ifx.obl(EventsPriv.obs)
340  IfxOnInitInstall                                   ifx.obl(EventsSetupPriv.obs)
341  IfxOnInternetError                                 ifx.obl(EventsSetupPriv.obs)
342  IfxOnMD5Error                                      ifx.obl(EventsSetupPriv.obs)
343  IfxOnNextDisk                                      ifx.obl(EventsSetupPriv.obs)
344  IfxOnRebooted                                      ifx.obl(EventsPriv.obs)
345  IfxOnRemovingSharedFile                            ifx.obl(EventsSetupPriv.obs)
346  IfxOnShowWizardPages                               ifx.obl(EventsSetupPriv.obs)
347  IfxOnTransferred                                   ifx.obl(EventsPriv.obs)
348  IfxOnTransferring                                  ifx.obl(EventsSetupPriv.obs)
349  IfxOnUnhandledException                            ifx.obl(EventsPriv.obs)
350  IfxOnUninst                                        ifx.obl(EventsSetupPriv.obs)
351  IfxOnUninstPriv                                    ifx.obl(EventsSetupPriv.obs)
352  IfxPostprogram                                     ifx.obl(EventsSetupPriv.obs)
353  IfxPreprogram                                      ifx.obl(EventsSetupPriv.obs)
354  IfxReadProperties                                  ifx.obl(PersistPropertyBag.obs)
355  IfxRunAfterReboot                                  ifx.obl(EventsSetupPriv.obs)
356  IfxWriteProperties                                 ifx.obl(PersistPropertyBag.obs)
357  InetEndofTransfer                                  isrt.obl(iftw.obs)
358  InetNextDisk                                       isrt.obl(iftw.obs)
359  InitProperties                                     ifx.obl(PersistPropertyBag.obs)
360  InstallFilesActionAfter                            iswi.obl(FileTransferFuncsConv.obs)
361  InstallFilesActionBefore                           iswi.obl(FileTransferFuncsConv.obs)
362  Is                                                 isrt.obl(Is.obs)
363  IsComponentFiltered                                iswi.obl(CompHelperFuncs.obs)
364  IsInetInstall                                      isrt.obl(iftw.obs)
365  IsTestSetup                                        iswi.obl(HelperFuncs.obs)
366  KERNEL.GetModuleHandle                             setup.obs
367  KERNEL32.CloseHandle                               setup.obs
368  KERNEL32.CreateFileA                               setup.obs
369  KERNEL32.CreateProcess                             setup.obs
370  KERNEL32.DeleteFileA                               setup.obs
371  KERNEL32.FileTimeToLocalFileTime                   setup.obs
372  KERNEL32.FileTimeToSystemTime                      setup.obs
373  KERNEL32.FindClose                                 setup.obs
374  KERNEL32.FindFirstFileA                            setup.obs
375  KERNEL32.FindNextFileA                             setup.obs
376  KERNEL32.FormatMessageA                            setup.obs
377  KERNEL32.FreeLibrary                               setup.obs
378  KERNEL32.GetCurrentDirectoryA                      setup.obs
379  KERNEL32.GetDriveType                              setup.obs
380  KERNEL32.GetExitCodeProcess                        setup.obs
381  KERNEL32.GetFileAttributesA                        setup.obs
382  KERNEL32.GetLocalTime                              setup.obs
383  KERNEL32.GetLocaleInfo                             setup.obs
384  KERNEL32.GetPrivateProfileSectionA                 setup.obs
385  KERNEL32.GetPrivateProfileString                   setup.obs
386  KERNEL32.GetPrivateProfileStringA                  setup.obs
387  KERNEL32.GetProcAddress                            setup.obs
388  KERNEL32.GetProcessId                              setup.obs
389  KERNEL32.GetProfileStringA                         setup.obs
390  KERNEL32.GetSystemDefaultLCID                      setup.obs
391  KERNEL32.GetSystemDefaultLangID                    setup.obs
392  KERNEL32.GetSystemDefaultUILanguage                setup.obs
393  KERNEL32.GetTickCount                              setup.obs
394  KERNEL32.GetUserDefaultLangID                      setup.obs
395  KERNEL32.GetVersion                                setup.obs
396  KERNEL32.GetVersionEx                              setup.obs
397  KERNEL32.GetVolumeInformation                      setup.obs
398  KERNEL32.GetWindowsDirectory                       setup.obs
399  KERNEL32.GetWindowsDirectoryA                      setup.obs
400  KERNEL32.LoadLibraryA                              setup.obs
401  KERNEL32.SetCurrentDirectoryA                      setup.obs
402  KERNEL32.SetFileAttributesA                        setup.obs
403  KERNEL32.Sleep                                     setup.obs
404  KERNEL32.WritePrivateProfileString                 setup.obs
405  KERNEL32.WritePrivateProfileStringA                setup.obs
406  KERNEL32.WriteProfileStringA                       setup.obs
407  KERNEL32.lstrlen                                   setup.obs
408  Kernel32.GetModuleHandleA                          iswi.obl(ComponentConv.obs)
409  LOWORD                                             isrt.obl(Misc.obs)
410  LaunchAppAndWaitInitStartupInfo                    isrt.obl(Extend.obs)
411  LaunchApplication                                  isrt.obl(Extend.obs)
412  LaunchApplicationInit                              isrt.obl(Extend.obs)
413  ListAddItem                                        isrt.obl(scrlist.obs)
414  ListAddString                                      isrt.obl(scrlist.obs)
415  ListConvertStrToNum                                isrt.obl(scrlist.obs)
416  ListCount                                          isrt.obl(scrlist.obs)
417  ListCreate                                         isrt.obl(scrlist.obs)
418  ListCurrentString                                  isrt.obl(scrlist.obs)
419  ListDeleteItem                                     isrt.obl(scrlist.obs)
420  ListDeleteString                                   isrt.obl(scrlist.obs)
421  ListDestroy                                        isrt.obl(scrlist.obs)
422  ListFindItem                                       isrt.obl(scrlist.obs)
423  ListFindString                                     isrt.obl(scrlist.obs)
424  ListGetFirstItem                                   isrt.obl(scrlist.obs)
425  ListGetFirstString                                 isrt.obl(scrlist.obs)
426  ListGetLastString                                  iswi.obl(CompHelperFuncs.obs)
427  ListGetNextItem                                    isrt.obl(scrlist.obs)
428  ListGetNextString                                  isrt.obl(scrlist.obs)
429  ListGetType                                        isrt.obl(scrlist.obs)
430  ListSetIndex                                       isrt.obl(scrlist.obs)
431  ListValid                                          isrt.obl(scrlist.obs)
432  ListValidType                                      isrt.obl(scrlist.obs)
433  LoadStringFromStringTable                          iswi.obl(ISWiInit.obs)
434  LogReadCustomString                                isrt.obl(Misc.obs)
435  LogReadCustomVariant                               isrt.obl(Misc.obs)
436  LogWriteCustomString                               isrt.obl(Misc.obs)
437  LogWriteCustomVariant                              isrt.obl(Misc.obs)
438  LongPathFromShortPath                              isrt.obl(Str.obs)
439  LongPathToQuote                                    isrt.obl(Str.obs)
440  MAKELONG                                           isrt.obl(Misc.obs)
441  MIFCreateMIFFile                                   isrt.obl(MIF.obs)
442  MIFDeleteMIFFile                                   isrt.obl(MIF.obs)
443  MIFInitialize                                      isrt.obl(MIF.obs)
444  MIFSetInformation                                  isrt.obl(MIF.obs)
445  MIFUnInitialize                                    isrt.obl(MIF.obs)
446  MIFWasSetInformationCalled                         isrt.obl(MIF.obs)
447  MIOShutdown                                        isrt.obl(MIO.obs)
448  MIOStartup                                         isrt.obl(MIO.obs)
449  MaintenanceStart                                   isrt.obl(Registry.obs)
450  MediaGetData                                       iswi.obl(FeatureConv.obs)
451  MediaGetDataEx                                     iswi.obl(FeatureConv.obs)
452  MessageBeep                                        isrt.obl(Misc.obs)
453  MessageBox                                         isrt.obl(ISRTScriptDialogsPriv.obs)
454  MessageBoxEx                                       isrt.obl(ISRTScriptDialogsPriv.obs)
455  Moved                                              iswi.obl(FileTransferFuncsConv.obs)
456  Moving                                             iswi.obl(FileTransferFuncsConv.obs)
457  MsiCloseHandle                                     iswi.obl(MsiFuncsConv.obs)
458  MsiCreateRecord                                    iswi.obl(MsiFuncsConv.obs)
459  MsiDatabaseOpenView                                iswi.obl(MsiFuncsConv.obs)
460  MsiDoAction                                        iswi.obl(MsiFuncsConv.obs)
461  MsiGetActiveDatabase                               iswi.obl(MsiFuncsConv.obs)
462  MsiGetMode                                         iswi.obl(MsiFuncsConv.obs)
463  MsiGetProperty                                     iswi.obl(MsiFuncsConv.obs)
464  MsiGetPropertyIS                                   iswi.obl(MsiFuncsConv.obs)
465  MsiGetSourcePath                                   iswi.obl(MsiFuncsConv.obs)
466  MsiGetTargetPath                                   iswi.obl(MsiFuncsConv.obs)
467  MsiInstallProduct                                  iswi.obl(MsiFuncsConv.obs)
468  MsiProcessMessage                                  iswi.obl(MsiFuncsConv.obs)
469  MsiQueryFeatureState                               iswi.obl(MsiFuncsConv.obs)
470  MsiRecordGetInteger                                iswi.obl(MsiFuncsConv.obs)
471  MsiRecordGetString                                 iswi.obl(MsiFuncsConv.obs)
472  MsiRecordSetString                                 iswi.obl(MsiFuncsConv.obs)
473  MsiSetProperty                                     iswi.obl(MsiFuncsConv.obs)
474  MsiSetTargetPath                                   iswi.obl(MsiFuncsConv.obs)
475  MsiViewExecute                                     iswi.obl(MsiFuncsConv.obs)
476  MsiViewFetch                                       iswi.obl(MsiFuncsConv.obs)
477  OnAbort                                            iswi.obl(DriverConv.obs)
478  OnAction                                           iswi.obl(ISWiInit.obs)
479  OnAdminInstallUIAfter                              iswi.obl(DriverConv.obs)
480  OnAdminInstallUIBefore                             iswi.obl(DriverConv.obs)
481  OnAdminPatchUIAfter                                iswi.obl(DriverConv.obs)
482  OnAdminPatchUIBefore                               iswi.obl(DriverConv.obs)
483  OnAdvertisementAfter                               iswi.obl(DriverConv.obs)
484  OnAdvertisementBefore                              iswi.obl(DriverConv.obs)
485  OnAppSearch                                        iswi.obl(DriverConv.obs)
486  OnBegin                                            iswi.obl(DriverConv.obs)
487  OnCCPSearch                                        iswi.obl(DriverConv.obs)
488  OnCanceling                                        iswi.obl(DriverConv.obs)
489  OnCheckMediaPassword                               ifx.obl(EventsSetup.obs)
490  OnComponentError                                   iswi.obl(DriverConv.obs)
491  OnCustomizeUninstInfo                              ifx.obl(EventsSetup.obs)
492  OnDIFxLogCallback                                  isrt.obl(ISDIFx.obs)
493  OnDIFxLogCallbackImpl                              isrt.obl(ISDIFx.obs)
494  OnEnd                                              iswi.obl(DriverConv.obs)
495  OnError                                            iswi.obl(DriverConv.obs)
496  OnException                                        iswi.obl(DriverConv.obs)
497  OnFeaturesInstalled                                iswi.obl(FileTransferFuncsConv.obs)
498  OnFeaturesInstalling                               iswi.obl(FileTransferFuncsConv.obs)
499  OnFileError                                        iswi.obl(Exceptions.obs)
500  OnFileLocked                                       iswi.obl(Exceptions.obs)
501  OnFileReadOnly                                     iswi.obl(Exceptions.obs)
502  OnFilesInUse                                       iswi.obl(DriverConv.obs)
503  OnFilterComponents                                 iswi.obl(DriverConv.obs)
504  OnFirstUIAfter                                     iswi.obl(DriverConv.obs)
505  OnFirstUIBefore                                    iswi.obl(DriverConv.obs)
506  OnGeneratedMSIScript                               iswi.obl(DriverConv.obs)
507  OnGeneratingMSIScript                              iswi.obl(DriverConv.obs)
508  OnHelp                                             iswi.obl(DriverConv.obs)
509  OnIISAppPoolUninstalling                           ifx.obl(EventsPriv.obs)
510  OnIISCheckRequirements                             ifx.obl(EventsPriv.obs)
511  OnIISComponentInstalled                            ifx.obl(EventsPriv.obs)
512  OnIISInitialize                                    ifx.obl(EventsPriv.obs)
513  OnIISUninitialize                                  ifx.obl(EventsPriv.obs)
514  OnIISVRootUninstalling                             ifx.obl(EventsPriv.obs)
515  OnIISWebServiceExtensionUninstalling               ifx.obl(EventsPriv.obs)
516  OnIISWebSiteUninstalling                           ifx.obl(EventsPriv.obs)
517  OnInstallDRMService                                isrt.obl(Activation.obs)
518  OnInstallFilesActionAfter                          iswi.obl(DriverConv.obs)
519  OnInstallFilesActionBefore                         iswi.obl(DriverConv.obs)
520  OnInstalledFile                                    ifx.obl(EventsSetup.obs)
521  OnInstalledFontFile                                ifx.obl(EventsSetup.obs)
522  OnInstallingFile                                   ifx.obl(EventsSetup.obs)
523  OnInternetError                                    iswi.obl(Exceptions.obs)
524  OnLaunchAppAndWaitCallback                         iswi.obl(DriverConv.obs)
525  OnLogonUserSetMsiProperties                        iswi.obl(DriverConv.obs)
526  OnMD5Error                                         iswi.obl(Exceptions.obs)
527  OnMaintUIAfter                                     iswi.obl(DriverConv.obs)
528  OnMaintUIBefore                                    iswi.obl(DriverConv.obs)
529  OnMaintenance                                      iswi.obl(DriverConv.obs)
530  OnMoveData                                         ifx.obl(EventsSetup.obs)
531  OnMoved                                            iswi.obl(DriverConv.obs)
532  OnMoving                                           iswi.obl(DriverConv.obs)
533  OnMsiSilentInstall                                 iswi.obl(DriverConv.obs)
534  OnNetApiCreateUserAccount                          ifx.obl(EventsSetup.obs)
535  OnNetApiCreateUserAccountInternal                  isrt.obl(NetApiRT.obs)
536  OnNextDisk                                         iswi.obl(Exceptions.obs)
537  OnOutOfDiskSpace                                   iswi.obl(DriverConv.obs)
538  OnPatchUIAfter                                     iswi.obl(DriverConv.obs)
539  OnPatchUIBefore                                    iswi.obl(DriverConv.obs)
540  OnRMFilesInUse                                     iswi.obl(DriverConv.obs)
541  OnRebooted                                         iswi.obl(DriverConv.obs)
542  OnRemovingSharedFile                               iswi.obl(Exceptions.obs)
543  OnResume                                           iswi.obl(DriverConv.obs)
544  OnResumeUIAfter                                    iswi.obl(DriverConv.obs)
545  OnResumeUIBefore                                   iswi.obl(DriverConv.obs)
546  OnSQLBatchScripts                                  ifx.obl(EventsPriv.obs)
547  OnSQLComponentInstalled                            ifx.obl(EventsPriv.obs)
548  OnSQLComponentUninstalled                          ifx.obl(EventsPriv.obs)
549  OnSQLLogin                                         iswi.obl(DriverConv.obs)
550  OnSQLServerInitialize                              ifx.obl(EventsPriv.obs)
551  OnSQLServerInitializeMaint                         ifx.obl(EventsPriv.obs)
552  OnSelfRegistrationError                            iswi.obl(Exceptions.obs)
553  OnSetTARGETDIR                                     ifx.obl(EventsSetup.obs)
554  OnSetUpdateMode                                    ifx.obl(EventsSetup.obs)
555  OnShowUI                                           ifx.obl(EventsSetup.obs)
556  OnUnInstallDRMService                              isrt.obl(Activation.obs)
557  OnUnhandledException                               iswi.obl(DriverConv.obs)
558  OnUninstall                                        iswi.obl(DriverConv.obs)
559  OnUninstalledFile                                  ifx.obl(EventsSetup.obs)
560  OnUninstallingDIFxDriverFile                       ifx.obl(EventsSetup.obs)
561  OnUninstallingFile                                 ifx.obl(EventsSetup.obs)
562  OnUninstallingFontFile                             ifx.obl(EventsSetup.obs)
563  OnUpdateService                                    iswi.obl(DriverConv.obs)
564  OnUpdateUIAfter                                    ifx.obl(EventsSetup.obs)
565  OnUpdateUIBefore                                   ifx.obl(EventsSetup.obs)
566  OnWarning                                          iswi.obl(DriverConv.obs)
567  OnXMLComponentInstalled                            ifx.obl(EventsPriv.obs)
568  OnXMLComponentUninstalling                         ifx.obl(EventsPriv.obs)
569  OnXMLInitialize                                    ifx.obl(EventsPriv.obs)
570  OnXMLUninitialize                                  ifx.obl(EventsPriv.obs)
571  OpenFile                                           isrt.obl(Files.obs)
572  OpenFileMode                                       isrt.obl(Files.obs)
573  ParsePath                                          isrt.obl(Str.obs)
574  PopulateColumnHeaders                              isrt.obl(ISRTScriptDialogs.obs)
575  PopulateListView                                   isrt.obl(ISRTScriptDialogs.obs)
576  PostShowComponentDlg                               iswi.obl(ISWiInit.obs)
577  Postprogram                                        iswi.obl(DriverConv.obs)
578  PreShowComponentDlg                                iswi.obl(ISWiInit.obs)
579  Preprogram                                         iswi.obl(DriverConv.obs)
580  ProgramEeuiPostInstall                             iswi.obl(DriverConv.obs)
581  ProgramEeuiPreInstall                              iswi.obl(DriverConv.obs)
582  PthFixPath                                         isrt.obl(Pth.obs)
583  PthIsAbsPath                                       isrt.obl(Pth.obs)
584  ReadBytes                                          isrt.obl(Files.obs)
585  ReadProperties                                     ifx.obl(PersistPropertyBag.obs)
586  RebootNeeded                                       iswi.obl(FileTransferFuncsConv.obs)
587  Rebooted                                           isrt.obl(Driver.obs)
588  RedirectMsiCloseHandle                             iswi.obl(RedirectedMsiFuncsConv.obs)
589  RedirectMsiCreateRecord                            iswi.obl(RedirectedMsiFuncsConv.obs)
590  RedirectMsiGetActiveDatabase                       iswi.obl(RedirectedMsiFuncsConv.obs)
591  RedirectMsiGetMode                                 iswi.obl(RedirectedMsiFuncsConv.obs)
592  RedirectMsiProcessMessage                          iswi.obl(RedirectedMsiFuncsConv.obs)
593  RedirectMsiRecordGetInteger                        iswi.obl(RedirectedMsiFuncsConv.obs)
594  RedirectMsiViewExecute                             iswi.obl(RedirectedMsiFuncsConv.obs)
595  RedirectMsiViewFetch                               iswi.obl(RedirectedMsiFuncsConv.obs)
596  RegDBDeleteItem                                    isrt.obl(Registry.obs)
597  RegDBDeleteValue                                   isrt.obl(Registry.obs)
598  RegDBDeleteValueEx                                 isrt.obl(Registry.obs)
599  RegDBDeleteValueEx32                               isrt.obl(Registry.obs)
600  RegDBGetDefaultRoot                                isrt.obl(SysVars.obs)
601  RegDBGetItem                                       isrt.obl(Registry.obs)
602  RegDBGetKeyValueEx                                 isrt.obl(Registry.obs)
603  RegDBQueryKey                                      isrt.obl(Registry.obs)
604  RegDBQueryKeyCount                                 isrt.obl(Registry.obs)
605  RegDBQueryStringMultiStringCount                   isrt.obl(Registry.obs)
606  RegDBQueryValue                                    isrt.obl(Registry.obs)
607  RegDBQueryValue32                                  isrt.obl(Registry.obs)
608  RegDBSetDefaultRoot                                isrt.obl(SysVars.obs)
609  RegDBSetItem                                       isrt.obl(Registry.obs)
610  RegDBSetKeyValueEx                                 isrt.obl(Registry.obs)
611  RegDBSetValue                                      isrt.obl(Registry.obs)
612  RegDBSetValue32                                    isrt.obl(Registry.obs)
613  RegDBSetVersion                                    isrt.obl(Registry.obs)
614  RegisterFontResource                               isrt.obl(Misc.obs)
615  ReleaseDialog                                      isrt.obl(CustomDialog.obs)
616  RemoveSpaces                                       iswi.obl(HelperFuncs.obs)
617  ReplaceConfig                                      setup.obs
618  ResolveShellObjectsFolder                          iswi.obl(CompHelperFuncs.obs)
619  RunSqlScript                                       setup.obs
620  SdAskDestPath                                      isrt.obl(ISRTScriptDialogs.obs)
621  SdCloseDlg                                         isrt.obl(SDINT.obs)
622  SdComponentDlgCheckSpace                           isrt.obl(SDINT.obs)
623  SdDiskSpace2                                       isrt.obl(ISRTScriptDialogs.obs)
624  SdDlgToTop                                         isrt.obl(SDINT.obs)
625  SdDoStdButton                                      isrt.obl(SDINT.obs)
626  SdEnablement                                       isrt.obl(SDINT.obs)
627  SdError                                            isrt.obl(SDINT.obs)
628  SdExceptionsInit                                   isrt.obl(ISRTScriptDialogsPriv.obs)
629  SdFeatureTree                                      isrt.obl(ISRTScriptDialogs.obs)
630  SdFilesInUse                                       isrt.obl(ISRTScriptDialogs.obs)
631  SdFinish                                           isrt.obl(ISRTScriptDialogs.obs)
632  SdFinishReboot                                     isrt.obl(ISRTScriptDialogs.obs)
633  SdGeneralInit                                      isrt.obl(SDINT.obs)
634  SdInit                                             isrt.obl(SDINT.obs)
635  SdIsStdButton                                      isrt.obl(SDINT.obs)
636  SdLoadString                                       isrt.obl(SDINT.obs)
637  SdMakeName                                         isrt.obl(SDINT.obs)
638  SdPatchWelcome                                     isrt.obl(ISRTScriptDialogs.obs)
639  SdPlugInProductName                                isrt.obl(SDINT.obs)
640  SdRMFilesInUse                                     isrt.obl(ISRTScriptDialogs.obs)
641  SdRegisterUser                                     isrt.obl(ISRTScriptDialogs.obs)
642  SdSetDlgTitle                                      isrt.obl(SDINT.obs)
643  SdSetStatic                                        isrt.obl(SDINT.obs)
644  SdSetupCompleteError                               isrt.obl(ISRTScriptDialogs.obs)
645  SdShowMsg                                          isrt.obl(ISRTScriptDialogsPriv.obs)
646  SdStartCopy2                                       isrt.obl(ISRTScriptDialogs.obs)
647  SdSubstituteProductInfo                            isrt.obl(SDINT.obs)
648  SdUnInit                                           isrt.obl(SDINT.obs)
649  SdWelcome                                          isrt.obl(ISRTScriptDialogs.obs)
650  SdWelcomeMaint                                     isrt.obl(ISRTScriptDialogs.obs)
651  SeekBytes                                          isrt.obl(Files.obs)
652  SelectDir                                          isrt.obl(ISRTScriptDialogsPriv.obs)
653  SelectDirNoLog                                     isrt.obl(ISRTScriptDialogsPriv.obs)
654  SendMessage                                        isrt.obl(Misc.obs)
655  ServiceInitParams                                  isrt.obl(Service.obs)
656  SetCmdLine                                         isrt.obl(SysVars.obs)
657  SetDisplayEffect                                   isrt.obl(ui.obs)
658  SetExtendedErrInfo                                 isrt.obl(IsUtil.obs)
659  SetGlobalVars                                      iswi.obl(ISWiInit.obs)
660  SetInstallationInfo                                isrt.obl(Registry.obs)
661  SetMifInformationOnly                              isrt.obl(Registry.obs)
662  SetStatus                                          ifx.obl(EventsSetupPriv.obs)
663  SetStatusEx                                        ifx.obl(EventsSetupPriv.obs)
664  SetStatusExStaticText                              isrt.obl(ui.obs)
665  SetStatusWindow                                    isrt.obl(ui.obs)
666  SetTitle                                           isrt.obl(ui.obs)
667  SetupTraceWrite                                    isrt.obl(Misc.obs)
668  SetupType2                                         isrt.obl(ISRTScriptDialogs.obs)
669  Shell32.ShellExecuteEx                             setup.obs
670  ShowObjWizardPages                                 iswi.obl(ObjectsConv.obs)
671  SilentCreateFile                                   isrt.obl(Silent.obs)
672  SilentDoGeneralInfo                                isrt.obl(Silent.obs)
673  SilentFailed                                       isrt.obl(Silent.obs)
674  SilentFinish                                       isrt.obl(Silent.obs)
675  SilentInit                                         isrt.obl(Silent.obs)
676  SilentLogWriteData                                 isrt.obl(Silent.obs)
677  SilentReadData                                     isrt.obl(Silent.obs)
678  SilentSetInfo                                      isrt.obl(Silent.obs)
679  SilentSetMode                                      isrt.obl(Silent.obs)
680  SilentWriteData                                    isrt.obl(Silent.obs)
681  Sprintf                                            isrt.obl(Str.obs)
682  SprintfBox                                         isrt.obl(ISRTScriptDialogsPriv.obs)
683  SprintfMsiLog                                      iswi.obl(HelperFuncs.obs)
684  StatusUpdate                                       isrt.obl(ui.obs)
685  StrAddLastSlash                                    isrt.obl(Str.obs)
686  StrConvertSizeUnit                                 isrt.obl(Str.obs)
687  StrDelete                                          iswi.obl(HelperFuncs.obs)
688  StrFindEx                                          isrt.obl(Str.obs)
689  StrGetTokens                                       isrt.obl(Str.obs)
690  StrLength                                          isrt.obl(Str.obs)
691  StrParseMSIMessage                                 isrt.obl(Str.obs)
692  StrRemoveLastSlash                                 isrt.obl(Str.obs)
693  StrReplace                                         isrt.obl(Str.obs)
694  StrToNumHex                                        isrt.obl(Str.obs)
695  StrToUpper                                         isrt.obl(Str.obs)
696  StrTrim                                            isrt.obl(Str.obs)
697  SysVarsInit                                        isrt.obl(SysVars.obs)
698  SysVarsInitConv                                    iswi.obl(SysVarsConv.obs)
699  SysVarsTrace                                       isrt.obl(SysVars.obs)
700  SysVarsUnInit                                      iswi.obl(SysVarsConv.obs)
701  System                                             isrt.obl(Misc.obs)
702  SystemRestoreCancelRestorePointIS                  isrt.obl(PCRestore.obs)
703  SystemRestoreCloseRestorePointIS                   isrt.obl(PCRestore.obs)
704  SystemRestoreDisableIS                             isrt.obl(PCRestore.obs)
705  SystemRestoreIsEnabledIS                           isrt.obl(PCRestore.obs)
706  SystemRestoreOpenRestorePointIS                    isrt.obl(PCRestore.obs)
707  TextSubGetValue                                    isrt.obl(TextSub.obs)
708  TextSubParseTextSub                                isrt.obl(TextSub.obs)
709  TextSubSetValue                                    isrt.obl(TextSub.obs)
710  TextSubSubstitute                                  isrt.obl(TextSub.obs)
711  TreeViewCreate                                     isrt.obl(CmptView.obs)
712  USER.EnableWindow                                  setup.obs
713  USER.GetClassName                                  setup.obs
714  USER.GetDC                                         setup.obs
715  USER.GetDlgItem                                    setup.obs
716  USER.GetFocus                                      setup.obs
717  USER.GetWindowLong                                 setup.obs
718  USER.GetWindowRect                                 setup.obs
719  USER.IsIconic                                      setup.obs
720  USER.IsWindow                                      setup.obs
721  USER.PostMessage                                   setup.obs
722  USER.ReleaseDC                                     setup.obs
723  USER.SendMessageA                                  setup.obs
724  USER.SetFocus                                      setup.obs
725  USER.SetWindowPos                                  setup.obs
726  USER.SetWindowText                                 setup.obs
727  USER.ShowWindow                                    setup.obs
728  USER32.CharUpperBuffA                              setup.obs
729  USER32.DestroyWindow                               setup.obs
730  USER32.DispatchMessage                             setup.obs
731  USER32.GetDesktopWindow                            setup.obs
732  USER32.GetSystemMetrics                            setup.obs
733  USER32.GetWindowText                               setup.obs
734  USER32.GetWindowTextLength                         setup.obs
735  USER32.IsWindowVisible                             setup.obs
736  USER32.MessageBoxA                                 setup.obs
737  USER32.MsgWaitForMultipleObjects                   setup.obs
738  USER32.PeekMessageA                                setup.obs
739  USER32.SendMessageA                                setup.obs
740  USER32.SetForegroundWindow                         setup.obs
741  USER32.SetWindowLong                               setup.obs
742  USER32.SetWindowRgn                                setup.obs
743  USER32.TranslateMessage                            setup.obs
744  USER32.WaitForInputIdle                            setup.obs
745  UpdateDirectoryPathForIsMsiEeui                    iswi.obl(HelperFuncs.obs)
746  UpdateServiceEnableUpdateService                   isrt.obl(ISUpdateService.obs)
747  User32.LoadStringA                                 iswi.obl(ComponentConv.obs)
748  VarInit                                            isrt.obl(SysVars.obs)
749  VarRestore                                         iswi.obl(SysVarsConv.obs)
750  VarRestoreISRT                                     isrt.obl(SysVars.obs)
751  VarSave                                            iswi.obl(SysVarsConv.obs)
752  VarSaveISRT                                        isrt.obl(SysVars.obs)
753  VerCompare                                         isrt.obl(version.obs)
754  VerProductCompareVersions                          isrt.obl(version.obs)
755  VerProductGetInstalledVersion                      isrt.obl(version.obs)
756  VerProductIsVersionSupported                       isrt.obl(version.obs)
757  VerProductNumToStr                                 isrt.obl(version.obs)
758  VerProductStrToNum                                 isrt.obl(version.obs)
759  VerProductVerFromVerParts                          isrt.obl(version.obs)
760  VerProductVerPartsFromVer                          isrt.obl(version.obs)
761  WaitForApplication                                 isrt.obl(Extend.obs)
762  WaitOnDialog                                       isrt.obl(CustomDialog.obs)
763  WizardDirection                                    ifx.obl(EventsSetupPriv.obs)
764  WriteBytes                                         isrt.obl(Files.obs)
765  WriteLine                                          isrt.obl(Files.obs)
766  WriteProfInt                                       isrt.obl(Profile.obs)
767  WriteProfString                                    isrt.obl(Profile.obs)
768  WriteProperties                                    ifx.obl(PersistPropertyBag.obs)
769  __AddStringToArray                                 iswi.obl(HelperFuncs.obs)
770  __Begin                                            iswi.obl(DriverConv.obs)
771  __ComponentListItemsEx                             iswi.obl(CompHelperFuncs.obs)
772  __ComponentListItemsExInstall                      iswi.obl(CompHelperFuncs.obs)
773  __ComponentListItemsExUnInstall                    iswi.obl(CompHelperFuncs.obs)
774  __ComponentMoveXferData                            iswi.obl(CompHelperFuncs.obs)
775  __End                                              iswi.obl(DriverConv.obs)
776  __GetFinishMode                                    iswi.obl(ISWiInit.obs)
777  __GetMsiHandle                                     iswi.obl(SysVarsConv.obs)
778  __GetSourceDir                                     iswi.obl(SysVarsConv.obs)
779  __HandleError                                      iswi.obl(ErrHandler.obs)
780  __ISRTDoExit                                       isrt.obl(Misc.obs)
781  __ISRTInit                                         isrt.obl(ISRTInit.obs)
782  __ISRTRestoreMainLog                               isrt.obl(ISRTInit.obs)
783  __ISRTRestoreMainLogEx                             isrt.obl(ISRTInit.obs)
784  __ISRTSetComponentLog                              isrt.obl(ISRTInit.obs)
785  __ISRTUnInit                                       isrt.obl(ISRTInit.obs)
786  __ISWIInit                                         iswi.obl(ISWiInit.obs)
787  __ISWIMsiHandle                                    iswi.obl(ISWiInit.obs)
788  __ISWIUnInit                                       iswi.obl(ISWiInit.obs)
789  __IsArrayEmpty                                     iswi.obl(HelperFuncs.obs)
790  __LoadIScriptString                                isrt.obl(LoadStr.obs)
791  __Moved                                            iswi.obl(FileTransferFuncsConv.obs)
792  __Moving                                           iswi.obl(FileTransferFuncsConv.obs)
793  __MsiOpenView                                      iswi.obl(CompHelperFuncs.obs)
794  __MsiQueryFeatureState                             iswi.obl(MsiWrappersConv.obs)
795  __MsiRecordGetString                               iswi.obl(MsiWrappersConv.obs)
796  __OnAbort                                          iswi.obl(DriverConv.obs)
797  __OnAdminPatch                                     iswi.obl(DriverConv.obs)
798  __OnAdministrativeInstall                          iswi.obl(DriverConv.obs)
799  __OnAdvertisement                                  iswi.obl(DriverConv.obs)
800  __OnBegin                                          iswi.obl(DriverConv.obs)
801  __OnCanceling                                      iswi.obl(DriverConv.obs)
802  __OnEnd                                            iswi.obl(DriverConv.obs)
803  __OnError                                          iswi.obl(DriverConv.obs)
804  __OnMsiMaintenance                                 iswi.obl(DriverConv.obs)
805  __OnMsiRebooted                                    iswi.obl(DriverConv.obs)
806  __OnMsiSilentInstall                               iswi.obl(DriverConv.obs)
807  __OnMsiUninstall                                   iswi.obl(DriverConv.obs)
808  __OnPatch                                          iswi.obl(DriverConv.obs)
809  __OnResume                                         iswi.obl(DriverConv.obs)
810  __OnWarning                                        iswi.obl(DriverConv.obs)
811  __ResetMsiObject                                   iswi.obl(ISWiInit.obs)
812  __SetMaintenance                                   iswi.obl(ISWiInit.obs)
813  __SetMsiHandle                                     iswi.obl(SysVarsConv.obs)
814  __SetMsiServer                                     iswi.obl(ISWiInit.obs)
815  __SetPatch                                         iswi.obl(SysVarsConv.obs)
816  __SetSourceDir                                     iswi.obl(SysVarsConv.obs)
817  isrt._ComponentGetData                             iswi.obl(ComponentConv.obs)
818  isrt._ComponentIsItemSelected                      iswi.obl(ComponentConv.obs)
819  isrt._ComponentListItems                           iswi.obl(ComponentConv.obs)
820  isrt._ComponentReinstall                           iswi.obl(ComponentConv.obs)
821  isrt._ComponentRemoveAll                           iswi.obl(ComponentConv.obs)
822  isrt._ComponentSelectItem                          iswi.obl(ComponentConv.obs)
823  isrt._ComponentSetupTypeSet                        iswi.obl(ComponentConv.obs)
824  isrt._EnableDialogCache                            iswi.obl(ISWiInit.obs)
825  msi.MsiCloseHandle                                 iswi.obl(RedirectedMsiFuncsConv.obs)
826  msi.MsiCreateRecord                                iswi.obl(RedirectedMsiFuncsConv.obs)
827  msi.MsiDatabaseOpenViewA                           setup.obs
828  msi.MsiDoActionA                                   setup.obs
829  msi.MsiGetActiveDatabase                           iswi.obl(RedirectedMsiFuncsConv.obs)
830  msi.MsiGetMode                                     iswi.obl(RedirectedMsiFuncsConv.obs)
831  msi.MsiGetProductInfoA                             setup.obs
832  msi.MsiGetPropertyA                                setup.obs
833  msi.MsiGetSourcePathA                              setup.obs
834  msi.MsiGetTargetPathA                              setup.obs
835  msi.MsiProcessMessage                              iswi.obl(RedirectedMsiFuncsConv.obs)
836  msi.MsiQueryFeatureStateA                          setup.obs
837  msi.MsiRecordGetInteger                            iswi.obl(RedirectedMsiFuncsConv.obs)
838  msi.MsiRecordGetStringA                            setup.obs
839  msi.MsiRecordSetStringA                            setup.obs
840  msi.MsiSetPropertyA                                setup.obs
841  msi.MsiSetTargetPathA                              setup.obs
842  msi.MsiViewExecute                                 iswi.obl(RedirectedMsiFuncsConv.obs)
843  msi.MsiViewFetch                                   iswi.obl(RedirectedMsiFuncsConv.obs)
844  program                                            iswi.obl(DriverConv.obs)
845  sfc.SRSetRestorePoint                              setup.obs


***** External Variables *****
1    ADDREMOVE                                          iswi.obl(SysVarsConv.obs)
2    ADDREMOVE_COMBINEDBUTTON                           setup.obs
3    ADDREMOVE_HIDECHANGEOPTION                         setup.obs
4    ADDREMOVE_HIDEREMOVEOPTION                         setup.obs
5    ADDREMOVE_HIDEREPAIROPTION                         setup.obs
6    ADDREMOVE_STRING_REMOVEONLY                        setup.obs
7    ADDREMOVE_SYSTEMCOMPONENT                          setup.obs
8    ADMINUSER                                          setup.obs
9    ALLUSERS                                           setup.obs
10   AdminToolsFolder                                   iswi.obl(DebugSymbolsConv.obs)
11   AppDataFolder                                      iswi.obl(DebugSymbolsConv.obs)
12   BASICMSI                                           iswi.obl(SysVarsConv.obs)
13   BATCH_INSTALL                                      setup.obs
14   CMDLINE                                            iswi.obl(SysVarsConv.obs)
15   COMMONFILES                                        iswi.obl(SysVarsConv.obs)
16   COMMONFILES64                                      iswi.obl(SysVarsConv.obs)
17   CommonAppDataFolder                                iswi.obl(DebugSymbolsConv.obs)
18   CommonFiles64Folder                                iswi.obl(DebugSymbolsConv.obs)
19   CommonFilesFolder                                  iswi.obl(DebugSymbolsConv.obs)
20   DISABLE_ALLUSERBTN                                 setup.obs
21   DISABLE_PERUSERBTN                                 setup.obs
22   DISK1SETUPEXENAME                                  iswi.obl(SysVarsConv.obs)
23   DISK1TARGET                                        setup.obs
24   DesktopFolder                                      iswi.obl(DebugSymbolsConv.obs)
25   ENABLED_ISERVICES                                  iswi.obl(SysVarsConv.obs)
26   ENGINECOMMONDIR                                    iswi.obl(SysVarsConv.obs)
27   ENGINEDIR                                          iswi.obl(SysVarsConv.obs)
28   ERRORFILENAME                                      setup.obs
29   ERRORINFO                                          iswi.obl(ComponentConv.obs)
30   Err                                                setup.obs
31   FEATURE                                            iswi.obl(ComponentConv.obs)
32   FILEERROR                                          iswi.obl(ComponentConv.obs)
33   FILETIME                                           setup.obs
34   FIND_DATA                                          setup.obs
35   FOLDER_APPDATA                                     iswi.obl(SysVarsConv.obs)
36   FOLDER_COMMON_APPDATA                              iswi.obl(SysVarsConv.obs)
37   FOLDER_DESKTOP                                     iswi.obl(SysVarsConv.obs)
38   FOLDER_DOTNET_10                                   iswi.obl(SysVarsConv.obs)
39   FOLDER_DOTNET_11                                   iswi.obl(SysVarsConv.obs)
40   FOLDER_DOTNET_20                                   iswi.obl(SysVarsConv.obs)
41   FOLDER_DOTNET_30                                   iswi.obl(SysVarsConv.obs)
42   FOLDER_DOTNET_35                                   iswi.obl(SysVarsConv.obs)
43   FOLDER_FONTS                                       iswi.obl(SysVarsConv.obs)
44   FOLDER_LOCAL_APPDATA                               iswi.obl(SysVarsConv.obs)
45   FOLDER_PERSONAL                                    iswi.obl(SysVarsConv.obs)
46   FOLDER_PROGRAMS                                    iswi.obl(SysVarsConv.obs)
47   FOLDER_STARTMENU                                   iswi.obl(SysVarsConv.obs)
48   FOLDER_STARTUP                                     iswi.obl(SysVarsConv.obs)
49   FOLDER_TEMP                                        iswi.obl(SysVarsConv.obs)
50   FavoritesFolder                                    iswi.obl(DebugSymbolsConv.obs)
51   FileRegistrar                                      setup.obs
52   FontsFolder                                        iswi.obl(DebugSymbolsConv.obs)
53   HIDE_DISABLED_BTNS                                 setup.obs
54   HKEYCURRENTROOTKEY                                 setup.obs
55   IFX_COMPANY_NAME                                   setup.obs
56   IFX_DISK1INSTALLED                                 setup.obs
57   IFX_INITIALIZED                                    setup.obs
58   IFX_INSTALLED_DISPLAY_VERSION                      setup.obs
59   IFX_INSTALLED_VERSION                              setup.obs
60   IFX_KEYPATH_PRODUCT_INFO                           setup.obs
61   IFX_MULTI_INSTANCE_SUFFIX                          setup.obs
62   IFX_NETAPI_GROUP                                   setup.obs
63   IFX_NETAPI_PASSWORD                                setup.obs
64   IFX_NETAPI_USER_ACCOUNT                            setup.obs
65   IFX_OPEN_RESTORE_POINT                             isrt.obl(PCRestore.obs)
66   IFX_PRODUCT_COMMENTS                               setup.obs
67   IFX_PRODUCT_DISPLAY_NAME                           setup.obs
68   IFX_PRODUCT_DISPLAY_VERSION                        setup.obs
69   IFX_PRODUCT_ICON                                   setup.obs
70   IFX_PRODUCT_KEY                                    setup.obs
71   IFX_PRODUCT_NAME                                   setup.obs
72   IFX_PRODUCT_README                                 setup.obs
73   IFX_PRODUCT_REGISTEREDCOMPANY                      setup.obs
74   IFX_PRODUCT_REGISTEREDOWNER                        setup.obs
75   IFX_PRODUCT_REGISTEREDSERIALNUM                    setup.obs
76   IFX_PRODUCT_SUPPORT_CONTACT                        setup.obs
77   IFX_PRODUCT_SUPPORT_PHONE                          setup.obs
78   IFX_PRODUCT_SUPPORT_URL                            setup.obs
79   IFX_PRODUCT_UPDATE_URL                             setup.obs
80   IFX_PRODUCT_URL                                    setup.obs
81   IFX_PRODUCT_VERSION                                setup.obs
82   IFX_RESTORE_DISABLED                               isrt.obl(PCRestore.obs)
83   IFX_SETUP_TITLE                                    setup.obs
84   IFX_SUPPORTED_VERSIONS                             setup.obs
85   IISROOTFOLDER                                      iswi.obl(SysVarsConv.obs)
86   INSTALLDIR                                         setup.obs
87   INSTALLSCRIPTMSI                                   iswi.obl(SysVarsConv.obs)
88   INSTALLSCRIPTMSIEEUI                               iswi.obl(SysVarsConv.obs)
89   INSTANCE_GUID                                      iswi.obl(SysVarsConv.obs)
90   ISDIFXAPPID                                        setup.obs
91   ISMSI_HANDLE                                       iswi.obl(DebugSymbolsConv.obs)
92   ISRES                                              iswi.obl(SysVarsConv.obs)
93   ISUSER                                             iswi.obl(SysVarsConv.obs)
94   ISUTIL_FUNCTION_ACTUAL_ERROR                       setup.obs
95   ISUTIL_FUNCTION_ERROR                              iswi.obl(CompHelperFuncs.obs)
96   ISUTIL_LINE_NUMBER                                 setup.obs
97   ISUTIL_POSITIVE_ERROR                              iswi.obl(CompHelperFuncs.obs)
98   ISUTIL_SCRIPT_FILE                                 setup.obs
99   ISVERSION                                          iswi.obl(SysVarsConv.obs)
100  IS_NULLSTR_PTR                                     setup.obs
101  InetSRCDIR                                         setup.obs
102  LAAW_PARAMETERS                                    setup.obs
103  LAAW_PROCESS_INFORMATION                           setup.obs
104  LAAW_SHELLEXECUTEINFO                              setup.obs
105  LAAW_SHELLEXECUTEVERB                              setup.obs
106  LAAW_STARTUPINFO                                   setup.obs
107  LAST_RESULT                                        setup.obs
108  LVITEM                                             setup.obs
109  LV_COLUMN                                          setup.obs
110  LocalAppDataFolder                                 iswi.obl(DebugSymbolsConv.obs)
111  LogDB                                              setup.obs
112  MAINTENANCE                                        iswi.obl(SysVarsConv.obs)
113  MAINT_OPTION                                       iswi.obl(SysVarsConv.obs)
114  MEDIA                                              setup.obs
115  MEDIA_INFO                                         iswi.obl(FeatureConv.obs)
116  MODE                                               setup.obs
117  MSG                                                setup.obs
118  MULTI_INSTANCE_COUNT                               iswi.obl(SysVarsConv.obs)
119  MainWindow                                         setup.obs
120  MyPicturesFolder                                   iswi.obl(DebugSymbolsConv.obs)
121  NOTHING                                            setup.obs
122  NetHoodFolder                                      iswi.obl(DebugSymbolsConv.obs)
123  OSINFO_PLATFORM_INFO                               setup.obs
124  OSINFO_PROCESSOR_INFO                              setup.obs
125  OSVERSIONINFO                                      setup.obs
126  OSVERSIONINFOEX                                    setup.obs
127  Objects                                            setup.obs
128  OriginalDatabase                                   iswi.obl(DebugSymbolsConv.obs)
129  PACKAGE_LOCATION                                   iswi.obl(SysVarsConv.obs)
130  PATCH                                              iswi.obl(DebugSymbolsConv.obs)
131  POINT                                              setup.obs
132  PRIVILEGED                                         setup.obs
133  PROCESS_INFORMATION                                setup.obs
134  PRODUCT_GUID                                       iswi.obl(SysVarsConv.obs)
135  PROGRAMFILES                                       iswi.obl(SysVarsConv.obs)
136  PROGRAMFILES64                                     iswi.obl(SysVarsConv.obs)
137  PersonalFolder                                     iswi.obl(DebugSymbolsConv.obs)
138  PrintHoodFolder                                    iswi.obl(DebugSymbolsConv.obs)
139  ProgramFiles64Folder                               iswi.obl(DebugSymbolsConv.obs)
140  ProgramFilesFolder                                 iswi.obl(DebugSymbolsConv.obs)
141  ProgramMenuFolder                                  iswi.obl(DebugSymbolsConv.obs)
142  RECT                                               setup.obs
143  REGDB_OPTIONS                                      setup.obs
144  REINSTALLMODE                                      iswi.obl(SysVarsConv.obs)
145  REMOVEALLMODE                                      iswi.obl(SysVarsConv.obs)
146  REMOVEONLY                                         iswi.obl(SysVarsConv.obs)
147  RUN_ONCE_PROGRAM                                   iswi.obl(SysVarsConv.obs)
148  Reboot                                             setup.obs
149  RecentFolder                                       iswi.obl(DebugSymbolsConv.obs)
150  SELECTED_LANGUAGE                                  iswi.obl(SysVarsConv.obs)
151  SERVICE_IS_PARAMS                                  setup.obs
152  SETUPTYPE_STR_COMPACT                              setup.obs
153  SETUPTYPE_STR_COMPLETE                             setup.obs
154  SETUPTYPE_STR_CUSTOM                               setup.obs
155  SETUPTYPE_STR_TYPICAL                              setup.obs
156  SHAREDSUPPORTDIR                                   iswi.obl(SysVarsConv.obs)
157  SHELLEXECUTEINFO                                   setup.obs
158  SHELL_OBJECT_FOLDER                                setup.obs
159  SHOW_PASSWORD_DIALOG                               iswi.obl(SysVarsConv.obs)
160  SRCDIR                                             setup.obs
161  SRCDISK                                            iswi.obl(SysVarsConv.obs)
162  STANDARD_SELECTED_LANGUAGE                         iswi.obl(SysVarsConv.obs)
163  STARTUPINFO                                        setup.obs
164  SUPPORTDIR                                         iswi.obl(SysVarsConv.obs)
165  SYSINFO                                            setup.obs
166  SYSPROCESSORINFO                                   setup.obs
167  SYSTEMTIME                                         setup.obs
168  SendToFolder                                       iswi.obl(DebugSymbolsConv.obs)
169  SetupInfo                                          setup.obs
170  SourceDir                                          iswi.obl(DebugSymbolsConv.obs)
171  StartMenuFolder                                    iswi.obl(DebugSymbolsConv.obs)
172  StartupFolder                                      iswi.obl(DebugSymbolsConv.obs)
173  StatusDlg                                          setup.obs
174  System16Folder                                     iswi.obl(DebugSymbolsConv.obs)
175  System64Folder                                     iswi.obl(DebugSymbolsConv.obs)
176  SystemFolder                                       iswi.obl(DebugSymbolsConv.obs)
177  TARGETDIR                                          setup.obs
178  TARGETDISK                                         iswi.obl(SysVarsConv.obs)
179  TempFolder                                         iswi.obl(DebugSymbolsConv.obs)
180  TemplateFolder                                     iswi.obl(DebugSymbolsConv.obs)
181  TextSub                                            setup.obs
182  UNINST                                             setup.obs
183  UNINSTALLKEY                                       setup.obs
184  UNINSTALL_DISPLAYNAME                              setup.obs
185  UNINSTALL_STRING                                   setup.obs
186  UPDATEMODE                                         setup.obs
187  WINDIR                                             iswi.obl(SysVarsConv.obs)
188  WINDISK                                            iswi.obl(SysVarsConv.obs)
189  WINSYSDIR                                          iswi.obl(SysVarsConv.obs)
190  WINSYSDIR64                                        iswi.obl(SysVarsConv.obs)
191  WINSYSDISK                                         iswi.obl(SysVarsConv.obs)
192  WindowsFolder                                      iswi.obl(DebugSymbolsConv.obs)
193  WindowsVolume                                      iswi.obl(DebugSymbolsConv.obs)
194  _FONTFILEINFO                                      ifx.obl(EventsPriv.obs)
195  _INT64                                             setup.obs
196  _ISDIFXINSTALLERINFO                               isrt.obl(ISDIFx.obs)
197  _LAAW_PARAMETERS                                   setup.obs
198  _LAAW_TEMP_DATA                                    isrt.obl(Extend.obs)
199  _RESTOREPOINTINFO                                  setup.obs
200  _SERVICE_IS_PARAMS                                 setup.obs
201  _STATEMGRSTATUS                                    setup.obs
202  _WIN9X                                             setup.obs
203  _WINNT                                             setup.obs
204  __gbAliasingOff                                    iswi.obl(CompHelperFuncs.obs)
205  __gbCheckForUpdate                                 iswi.obl(CompHelperFuncs.obs)
206  __gbGetTarget                                      iswi.obl(CompHelperFuncs.obs)
207  __gbInitialized                                    iswi.obl(CompHelperFuncs.obs)
208  __gbInstallInfo                                    setup.obs
209  __gbMaintenance                                    iswi.obl(CompHelperFuncs.obs)
210  __gbReopening                                      iswi.obl(CompHelperFuncs.obs)
211  __ghActiveDataBase                                 iswi.obl(CompHelperFuncs.obs)
212  __ghErrFileHandle                                  iswi.obl(CompHelperFuncs.obs)
213  __ghMsiInstall                                     iswi.obl(CompHelperFuncs.obs)
214  __gnButtonSelected                                 iswi.obl(CompHelperFuncs.obs)
215  __gnLastError                                      iswi.obl(CompHelperFuncs.obs)
216  __gnMsiReturn                                      iswi.obl(CompHelperFuncs.obs)
217  __gnOSMask                                         iswi.obl(CompHelperFuncs.obs)
218  __gnScriptMode                                     iswi.obl(CompHelperFuncs.obs)
219  __goISDriver                                       iswi.obl(CompHelperFuncs.obs)
220  __goMsiServer                                      iswi.obl(CompHelperFuncs.obs)
221  __gsINSTALLDIR                                     iswi.obl(CompHelperFuncs.obs)
222  __gsProductGuid                                    iswi.obl(CompHelperFuncs.obs)
223  __gsSourceDir                                      iswi.obl(CompHelperFuncs.obs)
224  __hContext                                         setup.obs
225  __objGlobalTextSub                                 setup.obs
226  __objStringTable                                   iswi.obl(ISWiInit.obs)
227  __szGUID                                           setup.obs
228  bBackButton                                        setup.obs
229  bCancelButton                                      setup.obs
230  bEnterDiskBeep                                     setup.obs
231  bFinishButton                                      setup.obs
232  bIFXLFNoToAll                                      setup.obs
233  bIFXLFOnRebootToAll                                setup.obs
234  bIFXLFYesToAll                                     setup.obs
235  bIFXMD5IgnoreToAll                                 setup.obs
236  bIFXRONoToAll                                      setup.obs
237  bIFXROYesToAll                                     setup.obs
238  bIFXSFNoToAll                                      setup.obs
239  bIFXSFYesToAll                                     setup.obs
240  bInstall16                                         setup.obs
241  bNextButton                                        setup.obs
242  bSdInit                                            setup.obs
243  bViewCmptKunits                                    setup.obs
244  bViewCmptUseDecimal                                setup.obs
245  g_bSuppressMissingStringWarning                    iswi.obl(DriverConv.obs)
246  g_nDlgAskPath                                      setup.obs
247  nDlgEnterPassword                                  setup.obs
248  nDlgMessageBox                                     setup.obs
249  nDlgSelectDir                                      setup.obs
250  nDlgSetupType2                                     setup.obs
251  nDlgSprintfBox                                     setup.obs
252  nSdAskDestPath                                     setup.obs
253  nSdComponentTree                                   setup.obs
254  nSdDiskSpaceRequirements                           setup.obs
255  nSdFinish                                          setup.obs
256  nSdFinishReboot                                    setup.obs
257  nSdOutOfDiskSpace                                  setup.obs
258  nSdPatchWelcome                                    setup.obs
259  nSdRegisterUser                                    setup.obs
260  nSdStartCopy2                                      setup.obs
261  nSdWelcome                                         setup.obs
262  nSdWelcomeMaint                                    setup.obs
263  szAppKey                                           setup.obs
264  szSdProduct                                        setup.obs
265  szSdStr_NotEnoughSpace                             setup.obs
